    Blocking waiting for file lock on build directory
   Compiling evm v0.42.0 (/home/parsa/dev-polk/evm)
   Compiling substrate-test-runtime v2.0.0 (https://github.com/paritytech/polkadot-sdk?branch=stable2503#10af808e)
   Compiling frontier-template-runtime v0.0.0 (/home/parsa/dev-polk/frontier/template/runtime)
   Compiling fp-evm v3.0.0-dev (/home/parsa/dev-polk/frontier/primitives/evm)
   Compiling fp-rpc v3.0.0-dev (/home/parsa/dev-polk/frontier/primitives/rpc)
   Compiling pallet-evm v6.0.0-dev (/home/parsa/dev-polk/frontier/frame/evm)
   Compiling fp-ethereum v1.0.0-dev (/home/parsa/dev-polk/frontier/primitives/ethereum)
   Compiling pallet-evm-test-vector-support v1.0.0-dev (/home/parsa/dev-polk/frontier/frame/evm/test-vector-support)
   Compiling pallet-evm-precompile-simple v2.0.0-dev (/home/parsa/dev-polk/frontier/frame/evm/precompile/simple)
   Compiling pallet-dynamic-fee v4.0.0-dev (/home/parsa/dev-polk/frontier/frame/dynamic-fee)
   Compiling pallet-evm-precompile-sha3fips v2.0.0-dev (/home/parsa/dev-polk/frontier/frame/evm/precompile/sha3fips)
   Compiling pallet-evm-precompile-modexp v2.0.0-dev (/home/parsa/dev-polk/frontier/frame/evm/precompile/modexp)
   Compiling pallet-base-fee v1.0.0 (/home/parsa/dev-polk/frontier/frame/base-fee)
   Compiling pallet-evm-precompile-ed25519 v2.0.0-dev (/home/parsa/dev-polk/frontier/frame/evm/precompile/ed25519)
   Compiling pallet-evm-precompile-curve25519 v1.0.0-dev (/home/parsa/dev-polk/frontier/frame/evm/precompile/curve25519)
   Compiling pallet-evm-precompile-bn128 v2.0.0-dev (/home/parsa/dev-polk/frontier/frame/evm/precompile/bn128)
   Compiling pallet-evm-precompile-bls12377 v1.0.0-dev (/home/parsa/dev-polk/frontier/frame/evm/precompile/bls12377)
   Compiling pallet-evm-precompile-bw6761 v1.0.0-dev (/home/parsa/dev-polk/frontier/frame/evm/precompile/bw6761)
   Compiling pallet-evm-precompile-blake2 v2.0.0-dev (/home/parsa/dev-polk/frontier/frame/evm/precompile/blake2)
   Compiling pallet-evm-precompile-bls12381 v1.0.0-dev (/home/parsa/dev-polk/frontier/frame/evm/precompile/bls12381)
   Compiling fc-storage v1.0.0-dev (/home/parsa/dev-polk/frontier/client/storage)
   Compiling fc-consensus v2.0.0-dev (/home/parsa/dev-polk/frontier/client/consensus)
   Compiling fc-db v2.0.0-dev (/home/parsa/dev-polk/frontier/client/db)
   Compiling pallet-ethereum v4.0.0-dev (/home/parsa/dev-polk/frontier/frame/ethereum)
   Compiling precompile-utils v0.1.0 (/home/parsa/dev-polk/frontier/precompiles)
   Compiling pallet-hotfix-sufficients v1.0.0 (/home/parsa/dev-polk/frontier/frame/hotfix-sufficients)
   Compiling pallet-evm-precompile-dispatch v2.0.0-dev (/home/parsa/dev-polk/frontier/frame/evm/precompile/dispatch)
   Compiling fc-mapping-sync v2.0.0-dev (/home/parsa/dev-polk/frontier/client/mapping-sync)
   Compiling fc-cli v1.0.0-dev (/home/parsa/dev-polk/frontier/client/cli)
   Compiling fc-rpc v2.0.0-dev (/home/parsa/dev-polk/frontier/client/rpc)
   Compiling precompile-utils-macro v0.1.0 (/home/parsa/dev-polk/frontier/precompiles/macro)
   Compiling precompile-utils-tests-external v0.1.0 (/home/parsa/dev-polk/frontier/precompiles/tests-external)
   Compiling frontier-template-node v0.0.0 (/home/parsa/dev-polk/frontier/template/node)
   Compiling substrate-test-runtime-client v2.0.0 (https://github.com/paritytech/polkadot-sdk?branch=stable2503#10af808e)
    Finished `test` profile [unoptimized + debuginfo] target(s) in 5m 50s
     Running unittests src/lib.rs (target/debug/deps/fc_api-a524cd566e8c934d)
     Running unittests src/lib.rs (target/debug/deps/fc_cli-b3ea23d7d027ce82)
     Running unittests src/lib.rs (target/debug/deps/fc_consensus-60e7d5df6eaacd77)
     Running unittests src/lib.rs (target/debug/deps/fc_db-76afbaf2081e7e6f)
     Running unittests src/lib.rs (target/debug/deps/fc_mapping_sync-b61d0cfe4c20ffd7)
     Running unittests src/lib.rs (target/debug/deps/fc_rpc-854579151ecd8813)
     Running unittests src/lib.rs (target/debug/deps/fc_rpc_core-e4a1b692f4761064)
     Running unittests src/lib.rs (target/debug/deps/fc_rpc_v2-97b7158248038193)
     Running unittests src/lib.rs (target/debug/deps/fc_rpc_v2_api-c25796847124ebf9)
     Running unittests src/lib.rs (target/debug/deps/fc_rpc_v2_types-1b7eccd502a17e99)
     Running unittests src/lib.rs (target/debug/deps/fc_storage-421af00f3e53ef63)
     Running unittests src/lib.rs (target/debug/deps/fp_account-b3e13c42cf6120ab)
     Running unittests src/lib.rs (target/debug/deps/fp_consensus-8996b3fa9babad4a)
     Running unittests src/lib.rs (target/debug/deps/fp_dynamic_fee-ded0c690cb5f004e)
     Running unittests src/lib.rs (target/debug/deps/fp_ethereum-6f35b4ee913c5db5)
     Running unittests src/lib.rs (target/debug/deps/fp_evm-df04548781f21463)
     Running unittests src/lib.rs (target/debug/deps/fp_rpc-abd91203d3f99c12)
     Running unittests src/lib.rs (target/debug/deps/fp_self_contained-c682c2bbc6526207)
     Running unittests src/lib.rs (target/debug/deps/fp_storage-eb78869d8c080fb5)
     Running unittests src/main.rs (target/debug/deps/frontier_template_node-0a771d707c2dc142)
     Running unittests src/lib.rs (target/debug/deps/frontier_template_runtime-2946a7625ed07773)
     Running unittests src/lib.rs (target/debug/deps/pallet_base_fee-5db111a619c57a9b)
     Running unittests src/lib.rs (target/debug/deps/pallet_dynamic_fee-b16aa3ecc6c8ab0c)
     Running unittests src/lib.rs (target/debug/deps/pallet_ethereum-d2eafbf55f11a5ea)
error: test failed, to rerun pass `-p pallet-ethereum --lib`
